// Jest Snapshot v1, https://goo.gl/fbAQLP

exports[`App should render the child component correctly 1`] = `ShallowWrapper {}`;
